// Jest Snapshot v1, https://goo.gl/fbAQLP

exports[`people should send a valid search request 1`] = `
Array [
  Array [
    "https://uclapi.com/search/people",
    Object {
      "params": Object {
        "query": "William McGonagall",
        "token": "tokeytoken",
      },
    },
  ],
]
`;
