// Jest Snapshot v1, https://goo.gl/fbAQLP

exports[`timetable should send a valid timetable request 1`] = `
Array [
  Array [
    "https://uclapi.com/timetable/personal",
    Object {
      "params": Object {
        "client_secret": "owjefjewfje",
        "date_filter": "2020-01-13",
        "token": "eySFsfef",
      },
    },
  ],
  Array [
    "https://uclapi.com/timetable/personal",
    Object {
      "params": Object {
        "client_secret": "owjefjewfje",
        "date_filter": "2020-01-14",
        "token": "eySFsfef",
      },
    },
  ],
  Array [
    "https://uclapi.com/timetable/personal",
    Object {
      "params": Object {
        "client_secret": "owjefjewfje",
        "date_filter": "2020-01-15",
        "token": "eySFsfef",
      },
    },
  ],
  Array [
    "https://uclapi.com/timetable/personal",
    Object {
      "params": Object {
        "client_secret": "owjefjewfje",
        "date_filter": "2020-01-16",
        "token": "eySFsfef",
      },
    },
  ],
  Array [
    "https://uclapi.com/timetable/personal",
    Object {
      "params": Object {
        "client_secret": "owjefjewfje",
        "date_filter": "2020-01-17",
        "token": "eySFsfef",
      },
    },
  ],
]
`;

exports[`timetable should throw error if date is invalid 1`] = `[Error: Must specify date to retrieve weekly timetable]`;

exports[`timetable should throw error if date is invalid 2`] = `[Error: Date must be a Monday]`;
